uploaded REEL-0009_context_cues_QC_pending.mp4
uploaded REEL-0009_narration_hi-IN.wav
uploaded REEL-0009_captions_hi-IN.srt
uploaded REEL-0009_captions_hi-IN.ass
uploaded REEL-0009_local_manifest.json
uploaded REEL-0009_qc_report.json
uploaded REEL-0009_qc_ffprobe.json
uploaded REEL-0009_qc_sha256.txt
uploaded REEL-0009_script_hi-IN.md
uploaded REEL-0009_production_brief.md
uploaded REEL-0009_source_validation.md
uploaded REEL-0009_scene_01_everyday_signal.png
uploaded REEL-0009_scene_02_cue_action_context.png
uploaded REEL-0009_scene_03_stable_repetition.png
uploaded REEL-0009_scene_04_context_change.png
uploaded REEL-0009_scene_05_small_action_plan.png
uploaded REEL-0009_scene_06_cue_not_command.png
uploaded REEL-0009_style_reference.png
uploaded REEL-0009_qc_frame_02s.jpg
uploaded REEL-0009_qc_frame_38s.jpg
uploaded REEL-0009_qc_frame_70s.jpg
upload_complete
