uploaded REEL-0006_ordinary_forgetting_QC_pending.mp4
uploaded REEL-0006_narration_hi-IN.wav
uploaded REEL-0006_captions_hi-IN.srt
uploaded REEL-0006_captions_hi-IN.ass
uploaded REEL-0006_local_manifest.json
uploaded REEL-0006_qc_report.json
uploaded REEL-0006_qc_ffprobe.json
uploaded REEL-0006_qc_sha256.txt
uploaded REEL-0006_script_hi-IN.md
uploaded REEL-0006_production_brief.md
uploaded REEL-0006_source_validation.md
uploaded REEL-0006_scene_01_future_intention.png
uploaded REEL-0006_scene_02_memory_tray.png
uploaded REEL-0006_scene_03_attention_competition.png
uploaded REEL-0006_scene_04_importance_not_guarantee.png
uploaded REEL-0006_scene_05_optional_reminder.png
uploaded REEL-0006_scene_06_takeaway.png
uploaded REEL-0006_style_reference.png
uploaded REEL-0006_qc_frame_02s.jpg
uploaded REEL-0006_qc_frame_36s.jpg
uploaded REEL-0006_qc_frame_70s.jpg
upload_complete
