reused_existing REEL-0008_fresh_start_QC_pending.mp4
reused_existing REEL-0008_narration_hi-IN.wav
reused_existing REEL-0008_captions_hi-IN.srt
reused_existing REEL-0008_captions_hi-IN.ass
reused_existing REEL-0008_local_manifest.json
reused_existing REEL-0008_qc_report.json
reused_existing REEL-0008_qc_ffprobe.json
reused_existing REEL-0008_qc_sha256.txt
reused_existing REEL-0008_script_hi-IN.md
reused_existing REEL-0008_production_brief.md
reused_existing REEL-0008_source_validation.md
reused_existing REEL-0008_scene_01_landmark_beginning.png
reused_existing REEL-0008_scene_02_temporal_landmarks.png
reused_existing REEL-0008_scene_03_goal_initiation.png
reused_existing REEL-0008_scene_04_motivation_not_durability.png
reused_existing REEL-0008_scene_05_small_next_action.png
reused_existing REEL-0008_scene_06_launch_not_magic.png
reused_existing REEL-0008_style_reference.png
reused_existing REEL-0008_qc_frame_02s.jpg
reused_existing REEL-0008_qc_frame_34s.jpg
reused_existing REEL-0008_qc_frame_60s.jpg
upload_complete
