reused_existing REEL-0003_if_then_plans_QC_pending.mp4
reused_existing REEL-0003_narration_hi-IN.wav
reused_existing REEL-0003_captions_hi-IN.srt
reused_existing REEL-0003_captions_hi-IN.ass
reused_existing REEL-0003_local_manifest.json
reused_existing REEL-0003_qc_report.json
reused_existing REEL-0003_qc_ffprobe.json
reused_existing REEL-0003_qc_sha256.txt
reused_existing REEL-0003_script_hi-IN.md
reused_existing REEL-0003_production_brief.md
reused_existing REEL-0003_source_validation.md
reused_existing REEL-0003_scene_01_vague_intention.png
reused_existing REEL-0003_scene_02_if_then_circuit.png
reused_existing REEL-0003_scene_03_meta_analysis.png
reused_existing REEL-0003_scene_04_tea_notebook.png
reused_existing REEL-0003_scene_05_distraction_choice.png
reused_existing REEL-0003_scene_06_takeaway.png
reused_existing REEL-0003_style_reference.png
reused_existing REEL-0003_qc_frame_02s.jpg
reused_existing REEL-0003_qc_frame_32s.jpg
reused_existing REEL-0003_qc_frame_60s.jpg
upload_complete
