uploaded REEL-0007_behavior_change_limits_QC_pending.mp4
uploaded REEL-0007_narration_hi-IN.wav
uploaded REEL-0007_captions_hi-IN.srt
uploaded REEL-0007_captions_hi-IN.ass
uploaded REEL-0007_local_manifest.json
uploaded REEL-0007_qc_report.json
uploaded REEL-0007_qc_ffprobe.json
uploaded REEL-0007_qc_sha256.txt
uploaded REEL-0007_script_hi-IN.md
uploaded REEL-0007_production_brief.md
uploaded REEL-0007_source_validation.md
uploaded REEL-0007_scene_01_different_outcomes.png
uploaded REEL-0007_scene_02_modular_toolkit.png
uploaded REEL-0007_scene_03_context_panels.png
uploaded REEL-0007_scene_04_short_term_long_term.png
uploaded REEL-0007_scene_05_small_experiment.png
uploaded REEL-0007_scene_06_takeaway.png
uploaded REEL-0007_style_reference.png
uploaded REEL-0007_qc_frame_02s.jpg
uploaded REEL-0007_qc_frame_34s.jpg
uploaded REEL-0007_qc_frame_60s.jpg
upload_complete
