uploaded REEL-0004_habit_automaticity_QC_pending.mp4
uploaded REEL-0004_narration_hi-IN.wav
uploaded REEL-0004_captions_hi-IN.srt
uploaded REEL-0004_captions_hi-IN.ass
uploaded REEL-0004_local_manifest.json
uploaded REEL-0004_qc_report.json
uploaded REEL-0004_qc_ffprobe.json
uploaded REEL-0004_qc_sha256.txt
uploaded REEL-0004_script_hi-IN.md
uploaded REEL-0004_production_brief.md
uploaded REEL-0004_source_validation.md
uploaded REEL-0004_scene_01_frequency_not_automatic.png
uploaded REEL-0004_scene_02_context_cue.png
uploaded REEL-0004_scene_03_measurement_split.png
uploaded REEL-0004_scene_04_context_change.png
uploaded REEL-0004_scene_05_deliberate_choice.png
uploaded REEL-0004_scene_06_takeaway.png
uploaded REEL-0004_style_reference.png
uploaded REEL-0004_qc_frame_02s.jpg
uploaded REEL-0004_qc_frame_32s.jpg
uploaded REEL-0004_qc_frame_62s.jpg
upload_complete
