uploaded REEL-0010_study_reading_QC_pending.mp4
uploaded REEL-0010_narration_hi-IN.wav
uploaded REEL-0010_captions_hi-IN.srt
uploaded REEL-0010_captions_hi-IN.ass
uploaded REEL-0010_local_manifest.json
uploaded REEL-0010_qc_report.json
uploaded REEL-0010_qc_ffprobe.json
uploaded REEL-0010_qc_sha256.txt
uploaded REEL-0010_script_hi-IN.md
uploaded REEL-0010_production_brief.md
uploaded REEL-0010_source_validation.md
uploaded REEL-0010_scene_01_headline_to_questions.png
uploaded REEL-0010_scene_02_study_sample.png
uploaded REEL-0010_scene_03_design_difference.png
uploaded REEL-0010_scene_04_measured_outcomes.png
uploaded REEL-0010_scene_05_evidence_boundary.png
uploaded REEL-0010_scene_06_four_questions_takeaway.png
uploaded REEL-0010_style_reference.png
uploaded REEL-0010_qc_frame_02s.jpg
uploaded REEL-0010_qc_frame_37s.jpg
uploaded REEL-0010_qc_frame_68s.jpg
upload_complete
