reused_existing REEL-0005_small_practice_QC_pending.mp4
reused_existing REEL-0005_narration_hi-IN.wav
reused_existing REEL-0005_captions_hi-IN.srt
reused_existing REEL-0005_captions_hi-IN.ass
reused_existing REEL-0005_local_manifest.json
reused_existing REEL-0005_qc_report.json
reused_existing REEL-0005_qc_ffprobe.json
reused_existing REEL-0005_qc_sha256.txt
reused_existing REEL-0005_script_hi-IN.md
reused_existing REEL-0005_production_brief.md
uploaded REEL-0005_source_validation.md
uploaded REEL-0005_scene_01_one_small_behaviour.png
uploaded REEL-0005_scene_02_neutral_observation.png
uploaded REEL-0005_scene_03_pattern_dots.png
uploaded REEL-0005_scene_04_feedback_tools.png
uploaded REEL-0005_scene_05_small_adjustment.png
uploaded REEL-0005_scene_06_takeaway.png
uploaded REEL-0005_style_reference.png
uploaded REEL-0005_qc_frame_02s.jpg
uploaded REEL-0005_qc_frame_37s.jpg
uploaded REEL-0005_qc_frame_72s.jpg
upload_complete
